com\webcheckers\ui\PostBackUpMoveTest.class
com\webcheckers\model\MoveTest.class
com\webcheckers\ui\PostSigninRouteTest.class
com\webcheckers\ui\PostResignRouteTest.class
com\webcheckers\appl\PlayerLobbyTest.class
com\webcheckers\ui\GetHomeRouteTest.class
com\webcheckers\ui\WebServerTester.class
com\webcheckers\ui\TemplateEngineTester.class
com\webcheckers\model\MoveListTest.class
com\webcheckers\model\PositionTest.class
com\webcheckers\model\CheckersGameTest.class
com\webcheckers\ui\TemplateEngineTester$1.class
com\webcheckers\ui\PostCheckTurnTest.class
com\webcheckers\ui\PostSubmitTurnRouteTest.class
com\webcheckers\model\PieceTester.class
com\webcheckers\model\PlayerTest.class
com\webcheckers\ui\PostMoveRouteTest.class
com\webcheckers\ui\PostGameRouteTester.class
com\webcheckers\model\SpaceTester.class
com\webcheckers\appl\GameCenterTester.class
com\webcheckers\ui\GetSigninRouteTest.class
com\webcheckers\ui\GetSignoutRouteTest.class
com\webcheckers\model\RowTest.class
com\webcheckers\ui\GetGameRouteTester.class
com\webcheckers\model\BoardTester.class
