C:\Users\GregG\IdeaProjects\team-project-2201-swen-261-09s2-d-toostandard\src\test\java\com\webcheckers\model\CheckersGameTest.java
C:\Users\GregG\IdeaProjects\team-project-2201-swen-261-09s2-d-toostandard\src\test\java\com\webcheckers\ui\PostResignRouteTest.java
C:\Users\GregG\IdeaProjects\team-project-2201-swen-261-09s2-d-toostandard\src\test\java\com\webcheckers\model\BoardTester.java
C:\Users\GregG\IdeaProjects\team-project-2201-swen-261-09s2-d-toostandard\src\test\java\com\webcheckers\appl\GameCenterTester.java
C:\Users\GregG\IdeaProjects\team-project-2201-swen-261-09s2-d-toostandard\src\test\java\com\webcheckers\model\MoveTest.java
C:\Users\GregG\IdeaProjects\team-project-2201-swen-261-09s2-d-toostandard\src\test\java\com\webcheckers\model\RowTest.java
C:\Users\GregG\IdeaProjects\team-project-2201-swen-261-09s2-d-toostandard\src\test\java\com\webcheckers\ui\PostGameRouteTester.java
C:\Users\GregG\IdeaProjects\team-project-2201-swen-261-09s2-d-toostandard\src\test\java\com\webcheckers\ui\WebServerTester.java
C:\Users\GregG\IdeaProjects\team-project-2201-swen-261-09s2-d-toostandard\src\test\java\com\webcheckers\model\MoveListTest.java
C:\Users\GregG\IdeaProjects\team-project-2201-swen-261-09s2-d-toostandard\src\test\java\com\webcheckers\ui\PostCheckTurnTest.java
C:\Users\GregG\IdeaProjects\team-project-2201-swen-261-09s2-d-toostandard\src\test\java\com\webcheckers\ui\PostMoveRouteTest.java
C:\Users\GregG\IdeaProjects\team-project-2201-swen-261-09s2-d-toostandard\src\test\java\com\webcheckers\ui\PostSigninRouteTest.java
C:\Users\GregG\IdeaProjects\team-project-2201-swen-261-09s2-d-toostandard\src\test\java\com\webcheckers\appl\PlayerLobbyTest.java
C:\Users\GregG\IdeaProjects\team-project-2201-swen-261-09s2-d-toostandard\src\test\java\com\webcheckers\model\SpaceTester.java
C:\Users\GregG\IdeaProjects\team-project-2201-swen-261-09s2-d-toostandard\src\test\java\com\webcheckers\model\PlayerTest.java
C:\Users\GregG\IdeaProjects\team-project-2201-swen-261-09s2-d-toostandard\src\test\java\com\webcheckers\ui\GetGameRouteTester.java
C:\Users\GregG\IdeaProjects\team-project-2201-swen-261-09s2-d-toostandard\src\test\java\com\webcheckers\ui\GetSignoutRouteTest.java
C:\Users\GregG\IdeaProjects\team-project-2201-swen-261-09s2-d-toostandard\src\test\java\com\webcheckers\model\PositionTest.java
C:\Users\GregG\IdeaProjects\team-project-2201-swen-261-09s2-d-toostandard\src\test\java\com\webcheckers\ui\PostSubmitTurnRouteTest.java
C:\Users\GregG\IdeaProjects\team-project-2201-swen-261-09s2-d-toostandard\src\test\java\com\webcheckers\ui\GetHomeRouteTest.java
C:\Users\GregG\IdeaProjects\team-project-2201-swen-261-09s2-d-toostandard\src\test\java\com\webcheckers\ui\PostBackUpMoveTest.java
C:\Users\GregG\IdeaProjects\team-project-2201-swen-261-09s2-d-toostandard\src\test\java\com\webcheckers\ui\TemplateEngineTester.java
C:\Users\GregG\IdeaProjects\team-project-2201-swen-261-09s2-d-toostandard\src\test\java\com\webcheckers\model\PieceTester.java
C:\Users\GregG\IdeaProjects\team-project-2201-swen-261-09s2-d-toostandard\src\test\java\com\webcheckers\ui\GetSigninRouteTest.java
